Archive member included to satisfy reference by file (symbol)

c:/program files (x86)/atollic/truestudio for stm32 9.2.0/armtools/bin/../lib/gcc/arm-atollic-eabi/6.3.1/../../../../arm-atollic-eabi/lib/armv6-m\libc.a(lib_a-init.o)
                              src\startup_stm32f051x8.o (__libc_init_array)
c:/program files (x86)/atollic/truestudio for stm32 9.2.0/armtools/bin/../lib/gcc/arm-atollic-eabi/6.3.1/../../../../arm-atollic-eabi/lib/armv6-m\libc.a(lib_a-reent.o)
                              src\syscalls.o (errno)
c:/program files (x86)/atollic/truestudio for stm32 9.2.0/armtools/bin/../lib/gcc/arm-atollic-eabi/6.3.1/../../../../arm-atollic-eabi/lib/armv6-m\libc.a(lib_a-strlen.o)
                              src\tiny_printf.o (strlen)
c:/program files (x86)/atollic/truestudio for stm32 9.2.0/armtools/bin/../lib/gcc/arm-atollic-eabi/6.3.1/../../../../arm-atollic-eabi/lib/armv6-m\libc.a(lib_a-freer.o)
                              c:/program files (x86)/atollic/truestudio for stm32 9.2.0/armtools/bin/../lib/gcc/arm-atollic-eabi/6.3.1/../../../../arm-atollic-eabi/lib/armv6-m\libc.a(lib_a-reent.o) (_free_r)
c:/program files (x86)/atollic/truestudio for stm32 9.2.0/armtools/bin/../lib/gcc/arm-atollic-eabi/6.3.1/../../../../arm-atollic-eabi/lib/armv6-m\libc.a(lib_a-impure.o)
                              c:/program files (x86)/atollic/truestudio for stm32 9.2.0/armtools/bin/../lib/gcc/arm-atollic-eabi/6.3.1/../../../../arm-atollic-eabi/lib/armv6-m\libc.a(lib_a-reent.o) (_impure_ptr)
c:/program files (x86)/atollic/truestudio for stm32 9.2.0/armtools/bin/../lib/gcc/arm-atollic-eabi/6.3.1/../../../../arm-atollic-eabi/lib/armv6-m\libc.a(lib_a-mallocr.o)
                              c:/program files (x86)/atollic/truestudio for stm32 9.2.0/armtools/bin/../lib/gcc/arm-atollic-eabi/6.3.1/../../../../arm-atollic-eabi/lib/armv6-m\libc.a(lib_a-freer.o) (__malloc_current_mallinfo)
c:/program files (x86)/atollic/truestudio for stm32 9.2.0/armtools/bin/../lib/gcc/arm-atollic-eabi/6.3.1/../../../../arm-atollic-eabi/lib/armv6-m\libc.a(lib_a-mlock.o)
                              c:/program files (x86)/atollic/truestudio for stm32 9.2.0/armtools/bin/../lib/gcc/arm-atollic-eabi/6.3.1/../../../../arm-atollic-eabi/lib/armv6-m\libc.a(lib_a-freer.o) (__malloc_lock)
c:/program files (x86)/atollic/truestudio for stm32 9.2.0/armtools/bin/../lib/gcc/arm-atollic-eabi/6.3.1/../../../../arm-atollic-eabi/lib/armv6-m\libc.a(lib_a-sbrkr.o)
                              c:/program files (x86)/atollic/truestudio for stm32 9.2.0/armtools/bin/../lib/gcc/arm-atollic-eabi/6.3.1/../../../../arm-atollic-eabi/lib/armv6-m\libc.a(lib_a-freer.o) (_sbrk_r)
c:/program files (x86)/atollic/truestudio for stm32 9.2.0/armtools/bin/../lib/gcc/arm-atollic-eabi/6.3.1/../../../../arm-atollic-eabi/lib/armv6-m\libc.a(lib_a-lock.o)
                              c:/program files (x86)/atollic/truestudio for stm32 9.2.0/armtools/bin/../lib/gcc/arm-atollic-eabi/6.3.1/../../../../arm-atollic-eabi/lib/armv6-m\libc.a(lib_a-mlock.o) (__retarget_lock_acquire_recursive)
c:/program files (x86)/atollic/truestudio for stm32 9.2.0/armtools/bin/../lib/gcc/arm-atollic-eabi/6.3.1/armv6-m\libgcc.a(_udivsi3.o)
                              src\system_stm32f0xx.o (__aeabi_uidiv)
c:/program files (x86)/atollic/truestudio for stm32 9.2.0/armtools/bin/../lib/gcc/arm-atollic-eabi/6.3.1/armv6-m\libgcc.a(_divsi3.o)
                              src\tiny_printf.o (__aeabi_idiv)
c:/program files (x86)/atollic/truestudio for stm32 9.2.0/armtools/bin/../lib/gcc/arm-atollic-eabi/6.3.1/armv6-m\libgcc.a(_dvmd_tls.o)
                              c:/program files (x86)/atollic/truestudio for stm32 9.2.0/armtools/bin/../lib/gcc/arm-atollic-eabi/6.3.1/armv6-m\libgcc.a(_udivsi3.o) (__aeabi_idiv0)

Allocating common symbols
Common symbol       size              file

__lock___atexit_recursive_mutex
                    0x1               c:/program files (x86)/atollic/truestudio for stm32 9.2.0/armtools/bin/../lib/gcc/arm-atollic-eabi/6.3.1/../../../../arm-atollic-eabi/lib/armv6-m\libc.a(lib_a-lock.o)
__lock___arc4random_mutex
                    0x1               c:/program files (x86)/atollic/truestudio for stm32 9.2.0/armtools/bin/../lib/gcc/arm-atollic-eabi/6.3.1/../../../../arm-atollic-eabi/lib/armv6-m\libc.a(lib_a-lock.o)
errno               0x4               c:/program files (x86)/atollic/truestudio for stm32 9.2.0/armtools/bin/../lib/gcc/arm-atollic-eabi/6.3.1/../../../../arm-atollic-eabi/lib/armv6-m\libc.a(lib_a-reent.o)
__lock___env_recursive_mutex
                    0x1               c:/program files (x86)/atollic/truestudio for stm32 9.2.0/armtools/bin/../lib/gcc/arm-atollic-eabi/6.3.1/../../../../arm-atollic-eabi/lib/armv6-m\libc.a(lib_a-lock.o)
__lock___sinit_recursive_mutex
                    0x1               c:/program files (x86)/atollic/truestudio for stm32 9.2.0/armtools/bin/../lib/gcc/arm-atollic-eabi/6.3.1/../../../../arm-atollic-eabi/lib/armv6-m\libc.a(lib_a-lock.o)
__lock___malloc_recursive_mutex
                    0x1               c:/program files (x86)/atollic/truestudio for stm32 9.2.0/armtools/bin/../lib/gcc/arm-atollic-eabi/6.3.1/../../../../arm-atollic-eabi/lib/armv6-m\libc.a(lib_a-lock.o)
__lock___at_quick_exit_mutex
                    0x1               c:/program files (x86)/atollic/truestudio for stm32 9.2.0/armtools/bin/../lib/gcc/arm-atollic-eabi/6.3.1/../../../../arm-atollic-eabi/lib/armv6-m\libc.a(lib_a-lock.o)
__lock___dd_hash_mutex
                    0x1               c:/program files (x86)/atollic/truestudio for stm32 9.2.0/armtools/bin/../lib/gcc/arm-atollic-eabi/6.3.1/../../../../arm-atollic-eabi/lib/armv6-m\libc.a(lib_a-lock.o)
__lock___tz_mutex   0x1               c:/program files (x86)/atollic/truestudio for stm32 9.2.0/armtools/bin/../lib/gcc/arm-atollic-eabi/6.3.1/../../../../arm-atollic-eabi/lib/armv6-m\libc.a(lib_a-lock.o)
__lock___sfp_recursive_mutex
                    0x1               c:/program files (x86)/atollic/truestudio for stm32 9.2.0/armtools/bin/../lib/gcc/arm-atollic-eabi/6.3.1/../../../../arm-atollic-eabi/lib/armv6-m\libc.a(lib_a-lock.o)

Memory Configuration

Name             Origin             Length             Attributes
FLASH            0x08000000         0x00010000         xr
RAM              0x20000000         0x00002000         xrw
MEMORY_B1        0x60000000         0x00000000         xr
*default*        0x00000000         0xffffffff

Linker script and memory map

LOAD c:/program files (x86)/atollic/truestudio for stm32 9.2.0/armtools/bin/../lib/gcc/arm-atollic-eabi/6.3.1/armv6-m/crti.o
LOAD c:/program files (x86)/atollic/truestudio for stm32 9.2.0/armtools/bin/../lib/gcc/arm-atollic-eabi/6.3.1/armv6-m/crtbegin.o
LOAD src\main.o
LOAD src\startup_stm32f051x8.o
LOAD src\syscalls.o
LOAD src\system_stm32f0xx.o
LOAD src\tiny_printf.o
                0x00000080                malloc_getpagesize_P = 0x80
START GROUP
LOAD c:/program files (x86)/atollic/truestudio for stm32 9.2.0/armtools/bin/../lib/gcc/arm-atollic-eabi/6.3.1/../../../../arm-atollic-eabi/lib/armv6-m\libc.a
LOAD c:/program files (x86)/atollic/truestudio for stm32 9.2.0/armtools/bin/../lib/gcc/arm-atollic-eabi/6.3.1/../../../../arm-atollic-eabi/lib/armv6-m\libm.a
END GROUP
START GROUP
LOAD c:/program files (x86)/atollic/truestudio for stm32 9.2.0/armtools/bin/../lib/gcc/arm-atollic-eabi/6.3.1/armv6-m\libgcc.a
LOAD c:/program files (x86)/atollic/truestudio for stm32 9.2.0/armtools/bin/../lib/gcc/arm-atollic-eabi/6.3.1/../../../../arm-atollic-eabi/lib/armv6-m\libc.a
END GROUP
START GROUP
LOAD c:/program files (x86)/atollic/truestudio for stm32 9.2.0/armtools/bin/../lib/gcc/arm-atollic-eabi/6.3.1/armv6-m\libgcc.a
LOAD c:/program files (x86)/atollic/truestudio for stm32 9.2.0/armtools/bin/../lib/gcc/arm-atollic-eabi/6.3.1/../../../../arm-atollic-eabi/lib/armv6-m\libc.a
LOAD c:/program files (x86)/atollic/truestudio for stm32 9.2.0/armtools/bin/../lib/gcc/arm-atollic-eabi/6.3.1/../../../../arm-atollic-eabi/lib/armv6-m\libnosys.a
END GROUP
LOAD c:/program files (x86)/atollic/truestudio for stm32 9.2.0/armtools/bin/../lib/gcc/arm-atollic-eabi/6.3.1/armv6-m/crtend.o
LOAD c:/program files (x86)/atollic/truestudio for stm32 9.2.0/armtools/bin/../lib/gcc/arm-atollic-eabi/6.3.1/armv6-m/crtn.o
                0x20002000                _estack = 0x20002000
                0x00000000                _Min_Heap_Size = 0x0
                0x00000080                _Min_Stack_Size = 0x80

.isr_vector     0x08000000       0xc0
                0x08000000                . = ALIGN (0x4)
 *(.isr_vector)
 .isr_vector    0x08000000       0xc0 src\startup_stm32f051x8.o
                0x08000000                g_pfnVectors
                0x080000c0                . = ALIGN (0x4)

.text           0x080000c0     0x1764
                0x080000c0                . = ALIGN (0x4)
 *(.text)
 .text          0x080000c0        0x0 c:/program files (x86)/atollic/truestudio for stm32 9.2.0/armtools/bin/../lib/gcc/arm-atollic-eabi/6.3.1/armv6-m/crti.o
 .text          0x080000c0       0x48 c:/program files (x86)/atollic/truestudio for stm32 9.2.0/armtools/bin/../lib/gcc/arm-atollic-eabi/6.3.1/armv6-m/crtbegin.o
 .text          0x08000108      0x294 src\main.o
                0x08000210                TIM6_DAC_IRQHandler
                0x08000230                Set48MHz
                0x080002ac                init_portc
                0x080002e8                blinkled
                0x08000304                init_tim6
                0x08000350                start_tim6
                0x0800036c                main
 .text          0x0800039c       0x14 src\startup_stm32f051x8.o
 .text          0x080003b0      0x2b4 src\syscalls.o
                0x080003b0                initialise_monitor_handles
                0x080003ba                _getpid
                0x080003d4                _gettimeofday
                0x080003f4                _kill
                0x08000414                _exit
                0x0800041e                _write
                0x08000440                _sbrk
                0x0800047c                _close
                0x0800049c                _fstat
                0x080004bc                _isatty
                0x080004d8                _lseek
                0x080004fc                _read
                0x08000520                _readlink
                0x08000544                _open
                0x08000568                _wait
                0x08000588                _unlink
                0x080005a8                _times
                0x080005c8                _stat
                0x080005e8                _symlink
                0x08000608                _link
                0x08000628                _fork
                0x08000640                _execve
 .text          0x08000664      0x160 src\system_stm32f0xx.o
                0x08000664                SystemInit
                0x080006ec                SystemCoreClockUpdate
 .text          0x080007c4      0x530 src\tiny_printf.o
                0x080007c4                ts_itoa
                0x0800085c                ts_formatstring
                0x08000988                ts_formatlength
                0x08000a30                sprintf
                0x08000a30                siprintf
                0x08000a60                fiprintf
                0x08000a60                fprintf
                0x08000b28                printf
                0x08000b28                iprintf
                0x08000be8                fputs
                0x08000c58                puts
                0x08000cb8                fwrite
 .text          0x08000cf4        0x0 c:/program files (x86)/atollic/truestudio for stm32 9.2.0/armtools/bin/../lib/gcc/arm-atollic-eabi/6.3.1/../../../../arm-atollic-eabi/lib/armv6-m\libc.a(lib_a-init.o)
 .text          0x08000cf4        0x0 c:/program files (x86)/atollic/truestudio for stm32 9.2.0/armtools/bin/../lib/gcc/arm-atollic-eabi/6.3.1/../../../../arm-atollic-eabi/lib/armv6-m\libc.a(lib_a-reent.o)
 .text          0x08000cf4        0xe c:/program files (x86)/atollic/truestudio for stm32 9.2.0/armtools/bin/../lib/gcc/arm-atollic-eabi/6.3.1/../../../../arm-atollic-eabi/lib/armv6-m\libc.a(lib_a-strlen.o)
                0x08000cf4                strlen
 .text          0x08000d02        0x0 c:/program files (x86)/atollic/truestudio for stm32 9.2.0/armtools/bin/../lib/gcc/arm-atollic-eabi/6.3.1/../../../../arm-atollic-eabi/lib/armv6-m\libc.a(lib_a-freer.o)
 .text          0x08000d02        0x0 c:/program files (x86)/atollic/truestudio for stm32 9.2.0/armtools/bin/../lib/gcc/arm-atollic-eabi/6.3.1/../../../../arm-atollic-eabi/lib/armv6-m\libc.a(lib_a-impure.o)
 .text          0x08000d02        0x0 c:/program files (x86)/atollic/truestudio for stm32 9.2.0/armtools/bin/../lib/gcc/arm-atollic-eabi/6.3.1/../../../../arm-atollic-eabi/lib/armv6-m\libc.a(lib_a-mallocr.o)
 .text          0x08000d02        0x0 c:/program files (x86)/atollic/truestudio for stm32 9.2.0/armtools/bin/../lib/gcc/arm-atollic-eabi/6.3.1/../../../../arm-atollic-eabi/lib/armv6-m\libc.a(lib_a-mlock.o)
 .text          0x08000d02        0x0 c:/program files (x86)/atollic/truestudio for stm32 9.2.0/armtools/bin/../lib/gcc/arm-atollic-eabi/6.3.1/../../../../arm-atollic-eabi/lib/armv6-m\libc.a(lib_a-sbrkr.o)
 .text          0x08000d02        0x0 c:/program files (x86)/atollic/truestudio for stm32 9.2.0/armtools/bin/../lib/gcc/arm-atollic-eabi/6.3.1/../../../../arm-atollic-eabi/lib/armv6-m\libc.a(lib_a-lock.o)
 *fill*         0x08000d02        0x2 
 .text          0x08000d04      0x114 c:/program files (x86)/atollic/truestudio for stm32 9.2.0/armtools/bin/../lib/gcc/arm-atollic-eabi/6.3.1/armv6-m\libgcc.a(_udivsi3.o)
                0x08000d04                __aeabi_uidiv
                0x08000d04                __udivsi3
                0x08000e10                __aeabi_uidivmod
 .text          0x08000e18      0x1d4 c:/program files (x86)/atollic/truestudio for stm32 9.2.0/armtools/bin/../lib/gcc/arm-atollic-eabi/6.3.1/armv6-m\libgcc.a(_divsi3.o)
                0x08000e18                __divsi3
                0x08000e18                __aeabi_idiv
                0x08000fe4                __aeabi_idivmod
 .text          0x08000fec        0x4 c:/program files (x86)/atollic/truestudio for stm32 9.2.0/armtools/bin/../lib/gcc/arm-atollic-eabi/6.3.1/armv6-m\libgcc.a(_dvmd_tls.o)
                0x08000fec                __aeabi_idiv0
                0x08000fec                __aeabi_ldiv0
 .text          0x08000ff0        0x0 c:/program files (x86)/atollic/truestudio for stm32 9.2.0/armtools/bin/../lib/gcc/arm-atollic-eabi/6.3.1/armv6-m/crtend.o
 .text          0x08000ff0        0x0 c:/program files (x86)/atollic/truestudio for stm32 9.2.0/armtools/bin/../lib/gcc/arm-atollic-eabi/6.3.1/armv6-m/crtn.o
 *(.text*)
 .text.Reset_Handler
                0x08000ff0       0x50 src\startup_stm32f051x8.o
                0x08000ff0                Reset_Handler
 .text.Default_Handler
                0x08001040        0x2 src\startup_stm32f051x8.o
                0x08001040                TIM1_CC_IRQHandler
                0x08001040                TSC_IRQHandler
                0x08001040                HardFault_Handler
                0x08001040                ADC1_COMP_IRQHandler
                0x08001040                SysTick_Handler
                0x08001040                PVD_IRQHandler
                0x08001040                PendSV_Handler
                0x08001040                NMI_Handler
                0x08001040                I2C1_IRQHandler
                0x08001040                RCC_CRS_IRQHandler
                0x08001040                SPI1_IRQHandler
                0x08001040                EXTI2_3_IRQHandler
                0x08001040                I2C2_IRQHandler
                0x08001040                TIM17_IRQHandler
                0x08001040                CEC_CAN_IRQHandler
                0x08001040                RTC_IRQHandler
                0x08001040                TIM16_IRQHandler
                0x08001040                TIM3_IRQHandler
                0x08001040                EXTI4_15_IRQHandler
                0x08001040                DMA1_Channel1_IRQHandler
                0x08001040                Default_Handler
                0x08001040                TIM14_IRQHandler
                0x08001040                DMA1_Channel4_5_IRQHandler
                0x08001040                TIM15_IRQHandler
                0x08001040                EXTI0_1_IRQHandler
                0x08001040                SPI2_IRQHandler
                0x08001040                SVC_Handler
                0x08001040                WWDG_IRQHandler
                0x08001040                TIM2_IRQHandler
                0x08001040                DMA1_Channel2_3_IRQHandler
                0x08001040                USART2_IRQHandler
                0x08001040                FLASH_IRQHandler
                0x08001040                USART1_IRQHandler
                0x08001040                TIM1_BRK_UP_TRG_COM_IRQHandler
 *fill*         0x08001042        0x2 
 .text.__libc_init_array
                0x08001044       0x48 c:/program files (x86)/atollic/truestudio for stm32 9.2.0/armtools/bin/../lib/gcc/arm-atollic-eabi/6.3.1/../../../../arm-atollic-eabi/lib/armv6-m\libc.a(lib_a-init.o)
                0x08001044                __libc_init_array
 .text.cleanup_glue
                0x0800108c       0x1a c:/program files (x86)/atollic/truestudio for stm32 9.2.0/armtools/bin/../lib/gcc/arm-atollic-eabi/6.3.1/../../../../arm-atollic-eabi/lib/armv6-m\libc.a(lib_a-reent.o)
                0x0800108c                cleanup_glue
 *fill*         0x080010a6        0x2 
 .text._reclaim_reent
                0x080010a8       0xec c:/program files (x86)/atollic/truestudio for stm32 9.2.0/armtools/bin/../lib/gcc/arm-atollic-eabi/6.3.1/../../../../arm-atollic-eabi/lib/armv6-m\libc.a(lib_a-reent.o)
                0x080010a8                _reclaim_reent
 .text._malloc_trim_r
                0x08001194       0xa8 c:/program files (x86)/atollic/truestudio for stm32 9.2.0/armtools/bin/../lib/gcc/arm-atollic-eabi/6.3.1/../../../../arm-atollic-eabi/lib/armv6-m\libc.a(lib_a-freer.o)
                0x08001194                _malloc_trim_r
 .text._free_r  0x0800123c      0x168 c:/program files (x86)/atollic/truestudio for stm32 9.2.0/armtools/bin/../lib/gcc/arm-atollic-eabi/6.3.1/../../../../arm-atollic-eabi/lib/armv6-m\libc.a(lib_a-freer.o)
                0x0800123c                _free_r
 .text._malloc_r
                0x080013a4      0x408 c:/program files (x86)/atollic/truestudio for stm32 9.2.0/armtools/bin/../lib/gcc/arm-atollic-eabi/6.3.1/../../../../arm-atollic-eabi/lib/armv6-m\libc.a(lib_a-mallocr.o)
                0x080013a4                _malloc_r
 .text.__malloc_lock
                0x080017ac       0x10 c:/program files (x86)/atollic/truestudio for stm32 9.2.0/armtools/bin/../lib/gcc/arm-atollic-eabi/6.3.1/../../../../arm-atollic-eabi/lib/armv6-m\libc.a(lib_a-mlock.o)
                0x080017ac                __malloc_lock
 .text.__malloc_unlock
                0x080017bc       0x10 c:/program files (x86)/atollic/truestudio for stm32 9.2.0/armtools/bin/../lib/gcc/arm-atollic-eabi/6.3.1/../../../../arm-atollic-eabi/lib/armv6-m\libc.a(lib_a-mlock.o)
                0x080017bc                __malloc_unlock
 .text._sbrk_r  0x080017cc       0x24 c:/program files (x86)/atollic/truestudio for stm32 9.2.0/armtools/bin/../lib/gcc/arm-atollic-eabi/6.3.1/../../../../arm-atollic-eabi/lib/armv6-m\libc.a(lib_a-sbrkr.o)
                0x080017cc                _sbrk_r
 .text.__retarget_lock_init
                0x080017f0        0x2 c:/program files (x86)/atollic/truestudio for stm32 9.2.0/armtools/bin/../lib/gcc/arm-atollic-eabi/6.3.1/../../../../arm-atollic-eabi/lib/armv6-m\libc.a(lib_a-lock.o)
                0x080017f0                __retarget_lock_init
 .text.__retarget_lock_init_recursive
                0x080017f2        0x2 c:/program files (x86)/atollic/truestudio for stm32 9.2.0/armtools/bin/../lib/gcc/arm-atollic-eabi/6.3.1/../../../../arm-atollic-eabi/lib/armv6-m\libc.a(lib_a-lock.o)
                0x080017f2                __retarget_lock_init_recursive
 .text.__retarget_lock_close
                0x080017f4        0x2 c:/program files (x86)/atollic/truestudio for stm32 9.2.0/armtools/bin/../lib/gcc/arm-atollic-eabi/6.3.1/../../../../arm-atollic-eabi/lib/armv6-m\libc.a(lib_a-lock.o)
                0x080017f4                __retarget_lock_close
 .text.__retarget_lock_close_recursive
                0x080017f6        0x2 c:/program files (x86)/atollic/truestudio for stm32 9.2.0/armtools/bin/../lib/gcc/arm-atollic-eabi/6.3.1/../../../../arm-atollic-eabi/lib/armv6-m\libc.a(lib_a-lock.o)
                0x080017f6                __retarget_lock_close_recursive
 .text.__retarget_lock_acquire
                0x080017f8        0x2 c:/program files (x86)/atollic/truestudio for stm32 9.2.0/armtools/bin/../lib/gcc/arm-atollic-eabi/6.3.1/../../../../arm-atollic-eabi/lib/armv6-m\libc.a(lib_a-lock.o)
                0x080017f8                __retarget_lock_acquire
 .text.__retarget_lock_acquire_recursive
                0x080017fa        0x2 c:/program files (x86)/atollic/truestudio for stm32 9.2.0/armtools/bin/../lib/gcc/arm-atollic-eabi/6.3.1/../../../../arm-atollic-eabi/lib/armv6-m\libc.a(lib_a-lock.o)
                0x080017fa                __retarget_lock_acquire_recursive
 .text.__retarget_lock_try_acquire
                0x080017fc        0x4 c:/program files (x86)/atollic/truestudio for stm32 9.2.0/armtools/bin/../lib/gcc/arm-atollic-eabi/6.3.1/../../../../arm-atollic-eabi/lib/armv6-m\libc.a(lib_a-lock.o)
                0x080017fc                __retarget_lock_try_acquire
 .text.__retarget_lock_try_acquire_recursive
                0x08001800        0x4 c:/program files (x86)/atollic/truestudio for stm32 9.2.0/armtools/bin/../lib/gcc/arm-atollic-eabi/6.3.1/../../../../arm-atollic-eabi/lib/armv6-m\libc.a(lib_a-lock.o)
                0x08001800                __retarget_lock_try_acquire_recursive
 .text.__retarget_lock_release
                0x08001804        0x2 c:/program files (x86)/atollic/truestudio for stm32 9.2.0/armtools/bin/../lib/gcc/arm-atollic-eabi/6.3.1/../../../../arm-atollic-eabi/lib/armv6-m\libc.a(lib_a-lock.o)
                0x08001804                __retarget_lock_release
 .text.__retarget_lock_release_recursive
                0x08001806        0x2 c:/program files (x86)/atollic/truestudio for stm32 9.2.0/armtools/bin/../lib/gcc/arm-atollic-eabi/6.3.1/../../../../arm-atollic-eabi/lib/armv6-m\libc.a(lib_a-lock.o)
                0x08001806                __retarget_lock_release_recursive
 *(.glue_7)
 .glue_7        0x08001808        0x0 linker stubs
 *(.glue_7t)
 .glue_7t       0x08001808        0x0 linker stubs
 *(.eh_frame)
 .eh_frame      0x08001808        0x0 c:/program files (x86)/atollic/truestudio for stm32 9.2.0/armtools/bin/../lib/gcc/arm-atollic-eabi/6.3.1/armv6-m/crtbegin.o
 .eh_frame      0x08001808        0x4 c:/program files (x86)/atollic/truestudio for stm32 9.2.0/armtools/bin/../lib/gcc/arm-atollic-eabi/6.3.1/armv6-m/crtend.o
 *(.init)
 .init          0x0800180c        0x4 c:/program files (x86)/atollic/truestudio for stm32 9.2.0/armtools/bin/../lib/gcc/arm-atollic-eabi/6.3.1/armv6-m/crti.o
                0x0800180c                _init
 .init          0x08001810        0x8 c:/program files (x86)/atollic/truestudio for stm32 9.2.0/armtools/bin/../lib/gcc/arm-atollic-eabi/6.3.1/armv6-m/crtn.o
 *(.fini)
 .fini          0x08001818        0x4 c:/program files (x86)/atollic/truestudio for stm32 9.2.0/armtools/bin/../lib/gcc/arm-atollic-eabi/6.3.1/armv6-m/crti.o
                0x08001818                _fini
 .fini          0x0800181c        0x8 c:/program files (x86)/atollic/truestudio for stm32 9.2.0/armtools/bin/../lib/gcc/arm-atollic-eabi/6.3.1/armv6-m/crtn.o
                0x08001824                . = ALIGN (0x4)
                0x08001824                _etext = .

.vfp11_veneer   0x08001824        0x0
 .vfp11_veneer  0x08001824        0x0 linker stubs

.v4_bx          0x08001824        0x0
 .v4_bx         0x08001824        0x0 linker stubs

.iplt           0x08001824        0x0
 .iplt          0x08001824        0x0 c:/program files (x86)/atollic/truestudio for stm32 9.2.0/armtools/bin/../lib/gcc/arm-atollic-eabi/6.3.1/armv6-m/crtbegin.o

.rodata         0x08001824       0xa4
                0x08001824                . = ALIGN (0x4)
 *(.rodata)
 .rodata        0x08001824       0x18 src\system_stm32f0xx.o
                0x08001824                AHBPrescTable
                0x08001834                APBPrescTable
 .rodata        0x0800183c       0x86 src\tiny_printf.o
 *(.rodata*)
 *fill*         0x080018c2        0x2 
 .rodata._global_impure_ptr
                0x080018c4        0x4 c:/program files (x86)/atollic/truestudio for stm32 9.2.0/armtools/bin/../lib/gcc/arm-atollic-eabi/6.3.1/../../../../arm-atollic-eabi/lib/armv6-m\libc.a(lib_a-impure.o)
                0x080018c4                _global_impure_ptr
                0x080018c8                . = ALIGN (0x4)

.rel.dyn        0x080018c8        0x0
 .rel.iplt      0x080018c8        0x0 c:/program files (x86)/atollic/truestudio for stm32 9.2.0/armtools/bin/../lib/gcc/arm-atollic-eabi/6.3.1/armv6-m/crtbegin.o

.ARM.extab
 *(.ARM.extab* .gnu.linkonce.armextab.*)

.ARM            0x080018c8        0x0
                0x080018c8                __exidx_start = .
 *(.ARM.exidx*)
                0x080018c8                __exidx_end = .

.preinit_array  0x080018c8        0x0
                0x080018c8                PROVIDE (__preinit_array_start, .)
 *(.preinit_array*)
                0x080018c8                PROVIDE (__preinit_array_end, .)

.init_array     0x080018c8        0x4
                0x080018c8                PROVIDE (__init_array_start, .)
 *(SORT(.init_array.*))
 *(.init_array*)
 .init_array    0x080018c8        0x4 c:/program files (x86)/atollic/truestudio for stm32 9.2.0/armtools/bin/../lib/gcc/arm-atollic-eabi/6.3.1/armv6-m/crtbegin.o
                0x080018cc                PROVIDE (__init_array_end, .)

.fini_array     0x080018cc        0x4
                [!provide]                PROVIDE (__fini_array_start, .)
 *(SORT(.fini_array.*))
 *(.fini_array*)
 .fini_array    0x080018cc        0x4 c:/program files (x86)/atollic/truestudio for stm32 9.2.0/armtools/bin/../lib/gcc/arm-atollic-eabi/6.3.1/armv6-m/crtbegin.o
                [!provide]                PROVIDE (__fini_array_end, .)
                0x080018d0                _sidata = LOADADDR (.data)

.data           0x20000000      0x510 load address 0x080018d0
                0x20000000                . = ALIGN (0x4)
                0x20000000                _sdata = .
 *(.data)
 .data          0x20000000        0x0 c:/program files (x86)/atollic/truestudio for stm32 9.2.0/armtools/bin/../lib/gcc/arm-atollic-eabi/6.3.1/armv6-m/crti.o
 .data          0x20000000        0x4 c:/program files (x86)/atollic/truestudio for stm32 9.2.0/armtools/bin/../lib/gcc/arm-atollic-eabi/6.3.1/armv6-m/crtbegin.o
                0x20000000                __dso_handle
 .data          0x20000004        0x0 src\main.o
 .data          0x20000004        0x0 src\startup_stm32f051x8.o
 .data          0x20000004        0x4 src\syscalls.o
                0x20000004                environ
 .data          0x20000008        0x4 src\system_stm32f0xx.o
                0x20000008                SystemCoreClock
 .data          0x2000000c        0x0 src\tiny_printf.o
 .data          0x2000000c        0x0 c:/program files (x86)/atollic/truestudio for stm32 9.2.0/armtools/bin/../lib/gcc/arm-atollic-eabi/6.3.1/../../../../arm-atollic-eabi/lib/armv6-m\libc.a(lib_a-init.o)
 .data          0x2000000c        0x0 c:/program files (x86)/atollic/truestudio for stm32 9.2.0/armtools/bin/../lib/gcc/arm-atollic-eabi/6.3.1/../../../../arm-atollic-eabi/lib/armv6-m\libc.a(lib_a-reent.o)
 .data          0x2000000c        0x0 c:/program files (x86)/atollic/truestudio for stm32 9.2.0/armtools/bin/../lib/gcc/arm-atollic-eabi/6.3.1/../../../../arm-atollic-eabi/lib/armv6-m\libc.a(lib_a-strlen.o)
 .data          0x2000000c        0x0 c:/program files (x86)/atollic/truestudio for stm32 9.2.0/armtools/bin/../lib/gcc/arm-atollic-eabi/6.3.1/../../../../arm-atollic-eabi/lib/armv6-m\libc.a(lib_a-freer.o)
 .data          0x2000000c        0x0 c:/program files (x86)/atollic/truestudio for stm32 9.2.0/armtools/bin/../lib/gcc/arm-atollic-eabi/6.3.1/../../../../arm-atollic-eabi/lib/armv6-m\libc.a(lib_a-impure.o)
 .data          0x2000000c        0x0 c:/program files (x86)/atollic/truestudio for stm32 9.2.0/armtools/bin/../lib/gcc/arm-atollic-eabi/6.3.1/../../../../arm-atollic-eabi/lib/armv6-m\libc.a(lib_a-mallocr.o)
 .data          0x2000000c        0x0 c:/program files (x86)/atollic/truestudio for stm32 9.2.0/armtools/bin/../lib/gcc/arm-atollic-eabi/6.3.1/../../../../arm-atollic-eabi/lib/armv6-m\libc.a(lib_a-mlock.o)
 .data          0x2000000c        0x0 c:/program files (x86)/atollic/truestudio for stm32 9.2.0/armtools/bin/../lib/gcc/arm-atollic-eabi/6.3.1/../../../../arm-atollic-eabi/lib/armv6-m\libc.a(lib_a-sbrkr.o)
 .data          0x2000000c        0x0 c:/program files (x86)/atollic/truestudio for stm32 9.2.0/armtools/bin/../lib/gcc/arm-atollic-eabi/6.3.1/../../../../arm-atollic-eabi/lib/armv6-m\libc.a(lib_a-lock.o)
 .data          0x2000000c        0x0 c:/program files (x86)/atollic/truestudio for stm32 9.2.0/armtools/bin/../lib/gcc/arm-atollic-eabi/6.3.1/armv6-m\libgcc.a(_udivsi3.o)
 .data          0x2000000c        0x0 c:/program files (x86)/atollic/truestudio for stm32 9.2.0/armtools/bin/../lib/gcc/arm-atollic-eabi/6.3.1/armv6-m\libgcc.a(_divsi3.o)
 .data          0x2000000c        0x0 c:/program files (x86)/atollic/truestudio for stm32 9.2.0/armtools/bin/../lib/gcc/arm-atollic-eabi/6.3.1/armv6-m\libgcc.a(_dvmd_tls.o)
 .data          0x2000000c        0x0 c:/program files (x86)/atollic/truestudio for stm32 9.2.0/armtools/bin/../lib/gcc/arm-atollic-eabi/6.3.1/armv6-m/crtend.o
 .data          0x2000000c        0x0 c:/program files (x86)/atollic/truestudio for stm32 9.2.0/armtools/bin/../lib/gcc/arm-atollic-eabi/6.3.1/armv6-m/crtn.o
 *(.data*)
 .data._impure_ptr
                0x2000000c        0x4 c:/program files (x86)/atollic/truestudio for stm32 9.2.0/armtools/bin/../lib/gcc/arm-atollic-eabi/6.3.1/../../../../arm-atollic-eabi/lib/armv6-m\libc.a(lib_a-impure.o)
                0x2000000c                _impure_ptr
 .data.impure_data
                0x20000010       0xf0 c:/program files (x86)/atollic/truestudio for stm32 9.2.0/armtools/bin/../lib/gcc/arm-atollic-eabi/6.3.1/../../../../arm-atollic-eabi/lib/armv6-m\libc.a(lib_a-impure.o)
 .data.__malloc_av_
                0x20000100      0x408 c:/program files (x86)/atollic/truestudio for stm32 9.2.0/armtools/bin/../lib/gcc/arm-atollic-eabi/6.3.1/../../../../arm-atollic-eabi/lib/armv6-m\libc.a(lib_a-mallocr.o)
                0x20000100                __malloc_av_
 .data.__malloc_sbrk_base
                0x20000508        0x4 c:/program files (x86)/atollic/truestudio for stm32 9.2.0/armtools/bin/../lib/gcc/arm-atollic-eabi/6.3.1/../../../../arm-atollic-eabi/lib/armv6-m\libc.a(lib_a-mallocr.o)
                0x20000508                __malloc_sbrk_base
 .data.__malloc_trim_threshold
                0x2000050c        0x4 c:/program files (x86)/atollic/truestudio for stm32 9.2.0/armtools/bin/../lib/gcc/arm-atollic-eabi/6.3.1/../../../../arm-atollic-eabi/lib/armv6-m\libc.a(lib_a-mallocr.o)
                0x2000050c                __malloc_trim_threshold
                0x20000510                . = ALIGN (0x4)
                0x20000510                _edata = .

.igot.plt       0x20000510        0x0 load address 0x08001de0
 .igot.plt      0x20000510        0x0 c:/program files (x86)/atollic/truestudio for stm32 9.2.0/armtools/bin/../lib/gcc/arm-atollic-eabi/6.3.1/armv6-m/crtbegin.o
                0x20000510                . = ALIGN (0x4)

.bss            0x20000510       0x68 load address 0x08001de0
                0x20000510                _sbss = .
                0x20000510                __bss_start__ = _sbss
 *(.bss)
 .bss           0x20000510        0x0 c:/program files (x86)/atollic/truestudio for stm32 9.2.0/armtools/bin/../lib/gcc/arm-atollic-eabi/6.3.1/armv6-m/crti.o
 .bss           0x20000510       0x1c c:/program files (x86)/atollic/truestudio for stm32 9.2.0/armtools/bin/../lib/gcc/arm-atollic-eabi/6.3.1/armv6-m/crtbegin.o
 .bss           0x2000052c        0x0 src\main.o
 .bss           0x2000052c        0x0 src\startup_stm32f051x8.o
 .bss           0x2000052c        0x8 src\syscalls.o
                0x2000052c                __env
 .bss           0x20000534        0x0 src\system_stm32f0xx.o
 .bss           0x20000534        0x0 src\tiny_printf.o
 .bss           0x20000534        0x0 c:/program files (x86)/atollic/truestudio for stm32 9.2.0/armtools/bin/../lib/gcc/arm-atollic-eabi/6.3.1/../../../../arm-atollic-eabi/lib/armv6-m\libc.a(lib_a-init.o)
 .bss           0x20000534        0x0 c:/program files (x86)/atollic/truestudio for stm32 9.2.0/armtools/bin/../lib/gcc/arm-atollic-eabi/6.3.1/../../../../arm-atollic-eabi/lib/armv6-m\libc.a(lib_a-reent.o)
 .bss           0x20000534        0x0 c:/program files (x86)/atollic/truestudio for stm32 9.2.0/armtools/bin/../lib/gcc/arm-atollic-eabi/6.3.1/../../../../arm-atollic-eabi/lib/armv6-m\libc.a(lib_a-strlen.o)
 .bss           0x20000534        0x0 c:/program files (x86)/atollic/truestudio for stm32 9.2.0/armtools/bin/../lib/gcc/arm-atollic-eabi/6.3.1/../../../../arm-atollic-eabi/lib/armv6-m\libc.a(lib_a-freer.o)
 .bss           0x20000534        0x0 c:/program files (x86)/atollic/truestudio for stm32 9.2.0/armtools/bin/../lib/gcc/arm-atollic-eabi/6.3.1/../../../../arm-atollic-eabi/lib/armv6-m\libc.a(lib_a-impure.o)
 .bss           0x20000534        0x0 c:/program files (x86)/atollic/truestudio for stm32 9.2.0/armtools/bin/../lib/gcc/arm-atollic-eabi/6.3.1/../../../../arm-atollic-eabi/lib/armv6-m\libc.a(lib_a-mallocr.o)
 .bss           0x20000534        0x0 c:/program files (x86)/atollic/truestudio for stm32 9.2.0/armtools/bin/../lib/gcc/arm-atollic-eabi/6.3.1/../../../../arm-atollic-eabi/lib/armv6-m\libc.a(lib_a-mlock.o)
 .bss           0x20000534        0x0 c:/program files (x86)/atollic/truestudio for stm32 9.2.0/armtools/bin/../lib/gcc/arm-atollic-eabi/6.3.1/../../../../arm-atollic-eabi/lib/armv6-m\libc.a(lib_a-sbrkr.o)
 .bss           0x20000534        0x0 c:/program files (x86)/atollic/truestudio for stm32 9.2.0/armtools/bin/../lib/gcc/arm-atollic-eabi/6.3.1/../../../../arm-atollic-eabi/lib/armv6-m\libc.a(lib_a-lock.o)
 .bss           0x20000534        0x0 c:/program files (x86)/atollic/truestudio for stm32 9.2.0/armtools/bin/../lib/gcc/arm-atollic-eabi/6.3.1/armv6-m\libgcc.a(_udivsi3.o)
 .bss           0x20000534        0x0 c:/program files (x86)/atollic/truestudio for stm32 9.2.0/armtools/bin/../lib/gcc/arm-atollic-eabi/6.3.1/armv6-m\libgcc.a(_divsi3.o)
 .bss           0x20000534        0x0 c:/program files (x86)/atollic/truestudio for stm32 9.2.0/armtools/bin/../lib/gcc/arm-atollic-eabi/6.3.1/armv6-m\libgcc.a(_dvmd_tls.o)
 .bss           0x20000534        0x0 c:/program files (x86)/atollic/truestudio for stm32 9.2.0/armtools/bin/../lib/gcc/arm-atollic-eabi/6.3.1/armv6-m/crtend.o
 .bss           0x20000534        0x0 c:/program files (x86)/atollic/truestudio for stm32 9.2.0/armtools/bin/../lib/gcc/arm-atollic-eabi/6.3.1/armv6-m/crtn.o
 *(.bss*)
 .bss.__malloc_current_mallinfo
                0x20000534       0x28 c:/program files (x86)/atollic/truestudio for stm32 9.2.0/armtools/bin/../lib/gcc/arm-atollic-eabi/6.3.1/../../../../arm-atollic-eabi/lib/armv6-m\libc.a(lib_a-mallocr.o)
                0x20000534                __malloc_current_mallinfo
 .bss.__malloc_max_sbrked_mem
                0x2000055c        0x4 c:/program files (x86)/atollic/truestudio for stm32 9.2.0/armtools/bin/../lib/gcc/arm-atollic-eabi/6.3.1/../../../../arm-atollic-eabi/lib/armv6-m\libc.a(lib_a-mallocr.o)
                0x2000055c                __malloc_max_sbrked_mem
 .bss.__malloc_max_total_mem
                0x20000560        0x4 c:/program files (x86)/atollic/truestudio for stm32 9.2.0/armtools/bin/../lib/gcc/arm-atollic-eabi/6.3.1/../../../../arm-atollic-eabi/lib/armv6-m\libc.a(lib_a-mallocr.o)
                0x20000560                __malloc_max_total_mem
 .bss.__malloc_top_pad
                0x20000564        0x4 c:/program files (x86)/atollic/truestudio for stm32 9.2.0/armtools/bin/../lib/gcc/arm-atollic-eabi/6.3.1/../../../../arm-atollic-eabi/lib/armv6-m\libc.a(lib_a-mallocr.o)
                0x20000564                __malloc_top_pad
 *(COMMON)
 COMMON         0x20000568        0x4 c:/program files (x86)/atollic/truestudio for stm32 9.2.0/armtools/bin/../lib/gcc/arm-atollic-eabi/6.3.1/../../../../arm-atollic-eabi/lib/armv6-m\libc.a(lib_a-reent.o)
                0x20000568                errno
 COMMON         0x2000056c        0x9 c:/program files (x86)/atollic/truestudio for stm32 9.2.0/armtools/bin/../lib/gcc/arm-atollic-eabi/6.3.1/../../../../arm-atollic-eabi/lib/armv6-m\libc.a(lib_a-lock.o)
                0x2000056c                __lock___atexit_recursive_mutex
                0x2000056d                __lock___arc4random_mutex
                0x2000056e                __lock___env_recursive_mutex
                0x2000056f                __lock___sinit_recursive_mutex
                0x20000570                __lock___malloc_recursive_mutex
                0x20000571                __lock___at_quick_exit_mutex
                0x20000572                __lock___dd_hash_mutex
                0x20000573                __lock___tz_mutex
                0x20000574                __lock___sfp_recursive_mutex
                0x20000578                . = ALIGN (0x4)
 *fill*         0x20000575        0x3 
                0x20000578                _ebss = .
                0x20000578                __bss_end__ = _ebss

._user_heap_stack
                0x20000578       0x80 load address 0x08001de0
                0x20000578                . = ALIGN (0x4)
                0x20000578                PROVIDE (end, .)
                [!provide]                PROVIDE (_end, .)
                0x20000578                . = (. + _Min_Heap_Size)
                0x200005f8                . = (. + _Min_Stack_Size)
 *fill*         0x20000578       0x80 
                0x200005f8                . = ALIGN (0x4)

.memory_b1_text
 *(.mb1text)
 *(.mb1text*)
 *(.mb1rodata)
 *(.mb1rodata*)

/DISCARD/
 libc.a(*)
 libm.a(*)
 libgcc.a(*)

.ARM.attributes
                0x00000000       0x28
 *(.ARM.attributes)
 .ARM.attributes
                0x00000000       0x1e c:/program files (x86)/atollic/truestudio for stm32 9.2.0/armtools/bin/../lib/gcc/arm-atollic-eabi/6.3.1/armv6-m/crti.o
 .ARM.attributes
                0x0000001e       0x2c c:/program files (x86)/atollic/truestudio for stm32 9.2.0/armtools/bin/../lib/gcc/arm-atollic-eabi/6.3.1/armv6-m/crtbegin.o
 .ARM.attributes
                0x0000004a       0x31 src\main.o
 .ARM.attributes
                0x0000007b       0x21 src\startup_stm32f051x8.o
 .ARM.attributes
                0x0000009c       0x31 src\syscalls.o
 .ARM.attributes
                0x000000cd       0x31 src\system_stm32f0xx.o
 .ARM.attributes
                0x000000fe       0x31 src\tiny_printf.o
 .ARM.attributes
                0x0000012f       0x2c c:/program files (x86)/atollic/truestudio for stm32 9.2.0/armtools/bin/../lib/gcc/arm-atollic-eabi/6.3.1/../../../../arm-atollic-eabi/lib/armv6-m\libc.a(lib_a-init.o)
 .ARM.attributes
                0x0000015b       0x2c c:/program files (x86)/atollic/truestudio for stm32 9.2.0/armtools/bin/../lib/gcc/arm-atollic-eabi/6.3.1/../../../../arm-atollic-eabi/lib/armv6-m\libc.a(lib_a-reent.o)
 .ARM.attributes
                0x00000187       0x1c c:/program files (x86)/atollic/truestudio for stm32 9.2.0/armtools/bin/../lib/gcc/arm-atollic-eabi/6.3.1/../../../../arm-atollic-eabi/lib/armv6-m\libc.a(lib_a-strlen.o)
 .ARM.attributes
                0x000001a3       0x2c c:/program files (x86)/atollic/truestudio for stm32 9.2.0/armtools/bin/../lib/gcc/arm-atollic-eabi/6.3.1/../../../../arm-atollic-eabi/lib/armv6-m\libc.a(lib_a-freer.o)
 .ARM.attributes
                0x000001cf       0x2c c:/program files (x86)/atollic/truestudio for stm32 9.2.0/armtools/bin/../lib/gcc/arm-atollic-eabi/6.3.1/../../../../arm-atollic-eabi/lib/armv6-m\libc.a(lib_a-impure.o)
 .ARM.attributes
                0x000001fb       0x2c c:/program files (x86)/atollic/truestudio for stm32 9.2.0/armtools/bin/../lib/gcc/arm-atollic-eabi/6.3.1/../../../../arm-atollic-eabi/lib/armv6-m\libc.a(lib_a-mallocr.o)
 .ARM.attributes
                0x00000227       0x2c c:/program files (x86)/atollic/truestudio for stm32 9.2.0/armtools/bin/../lib/gcc/arm-atollic-eabi/6.3.1/../../../../arm-atollic-eabi/lib/armv6-m\libc.a(lib_a-mlock.o)
 .ARM.attributes
                0x00000253       0x2c c:/program files (x86)/atollic/truestudio for stm32 9.2.0/armtools/bin/../lib/gcc/arm-atollic-eabi/6.3.1/../../../../arm-atollic-eabi/lib/armv6-m\libc.a(lib_a-sbrkr.o)
 .ARM.attributes
                0x0000027f       0x2c c:/program files (x86)/atollic/truestudio for stm32 9.2.0/armtools/bin/../lib/gcc/arm-atollic-eabi/6.3.1/../../../../arm-atollic-eabi/lib/armv6-m\libc.a(lib_a-lock.o)
 .ARM.attributes
                0x000002ab       0x1e c:/program files (x86)/atollic/truestudio for stm32 9.2.0/armtools/bin/../lib/gcc/arm-atollic-eabi/6.3.1/armv6-m\libgcc.a(_udivsi3.o)
 .ARM.attributes
                0x000002c9       0x1e c:/program files (x86)/atollic/truestudio for stm32 9.2.0/armtools/bin/../lib/gcc/arm-atollic-eabi/6.3.1/armv6-m\libgcc.a(_divsi3.o)
 .ARM.attributes
                0x000002e7       0x1e c:/program files (x86)/atollic/truestudio for stm32 9.2.0/armtools/bin/../lib/gcc/arm-atollic-eabi/6.3.1/armv6-m\libgcc.a(_dvmd_tls.o)
 .ARM.attributes
                0x00000305       0x2c c:/program files (x86)/atollic/truestudio for stm32 9.2.0/armtools/bin/../lib/gcc/arm-atollic-eabi/6.3.1/armv6-m/crtend.o
 .ARM.attributes
                0x00000331       0x1e c:/program files (x86)/atollic/truestudio for stm32 9.2.0/armtools/bin/../lib/gcc/arm-atollic-eabi/6.3.1/armv6-m/crtn.o
OUTPUT(template.elf elf32-littlearm)

.debug_info     0x00000000     0x26b9
 .debug_info    0x00000000      0x702 src\main.o
 .debug_info    0x00000702       0x87 src\startup_stm32f051x8.o
 .debug_info    0x00000789     0x1055 src\syscalls.o
 .debug_info    0x000017de      0x24a src\system_stm32f0xx.o
 .debug_info    0x00001a28      0xc91 src\tiny_printf.o

.debug_abbrev   0x00000000      0x74d
 .debug_abbrev  0x00000000      0x1b7 src\main.o
 .debug_abbrev  0x000001b7       0x12 src\startup_stm32f051x8.o
 .debug_abbrev  0x000001c9      0x225 src\syscalls.o
 .debug_abbrev  0x000003ee       0xfd src\system_stm32f0xx.o
 .debug_abbrev  0x000004eb      0x262 src\tiny_printf.o

.debug_aranges  0x00000000       0xa8
 .debug_aranges
                0x00000000       0x20 src\main.o
 .debug_aranges
                0x00000020       0x28 src\startup_stm32f051x8.o
 .debug_aranges
                0x00000048       0x20 src\syscalls.o
 .debug_aranges
                0x00000068       0x20 src\system_stm32f0xx.o
 .debug_aranges
                0x00000088       0x20 src\tiny_printf.o

.debug_line     0x00000000      0x93f
 .debug_line    0x00000000      0x1fc src\main.o
 .debug_line    0x000001fc       0x7f src\startup_stm32f051x8.o
 .debug_line    0x0000027b      0x2c2 src\syscalls.o
 .debug_line    0x0000053d      0x1ab src\system_stm32f0xx.o
 .debug_line    0x000006e8      0x257 src\tiny_printf.o

.debug_str      0x00000000      0xc38
 .debug_str     0x00000000      0x4ec src\main.o
                                0x53e (size before relaxing)
 .debug_str     0x000004ec      0x659 src\syscalls.o
                                0x8b0 (size before relaxing)
 .debug_str     0x00000b45       0x5a src\system_stm32f0xx.o
                                0x252 (size before relaxing)
 .debug_str     0x00000b9f       0x99 src\tiny_printf.o
                                0x648 (size before relaxing)

.comment        0x00000000       0x7c
 .comment       0x00000000       0x7c src\main.o
                                 0x7d (size before relaxing)
 .comment       0x0000007c       0x7d src\syscalls.o
 .comment       0x0000007c       0x7d src\system_stm32f0xx.o
 .comment       0x0000007c       0x7d src\tiny_printf.o

.debug_frame    0x00000000      0x7c4
 .debug_frame   0x00000000      0x11c src\main.o
 .debug_frame   0x0000011c      0x2c4 src\syscalls.o
 .debug_frame   0x000003e0       0x4c src\system_stm32f0xx.o
 .debug_frame   0x0000042c      0x140 src\tiny_printf.o
 .debug_frame   0x0000056c       0x2c c:/program files (x86)/atollic/truestudio for stm32 9.2.0/armtools/bin/../lib/gcc/arm-atollic-eabi/6.3.1/../../../../arm-atollic-eabi/lib/armv6-m\libc.a(lib_a-init.o)
 .debug_frame   0x00000598       0x48 c:/program files (x86)/atollic/truestudio for stm32 9.2.0/armtools/bin/../lib/gcc/arm-atollic-eabi/6.3.1/../../../../arm-atollic-eabi/lib/armv6-m\libc.a(lib_a-reent.o)
 .debug_frame   0x000005e0       0x58 c:/program files (x86)/atollic/truestudio for stm32 9.2.0/armtools/bin/../lib/gcc/arm-atollic-eabi/6.3.1/../../../../arm-atollic-eabi/lib/armv6-m\libc.a(lib_a-freer.o)
 .debug_frame   0x00000638       0x30 c:/program files (x86)/atollic/truestudio for stm32 9.2.0/armtools/bin/../lib/gcc/arm-atollic-eabi/6.3.1/../../../../arm-atollic-eabi/lib/armv6-m\libc.a(lib_a-mallocr.o)
 .debug_frame   0x00000668       0x40 c:/program files (x86)/atollic/truestudio for stm32 9.2.0/armtools/bin/../lib/gcc/arm-atollic-eabi/6.3.1/../../../../arm-atollic-eabi/lib/armv6-m\libc.a(lib_a-mlock.o)
 .debug_frame   0x000006a8       0x2c c:/program files (x86)/atollic/truestudio for stm32 9.2.0/armtools/bin/../lib/gcc/arm-atollic-eabi/6.3.1/../../../../arm-atollic-eabi/lib/armv6-m\libc.a(lib_a-sbrkr.o)
 .debug_frame   0x000006d4       0xb0 c:/program files (x86)/atollic/truestudio for stm32 9.2.0/armtools/bin/../lib/gcc/arm-atollic-eabi/6.3.1/../../../../arm-atollic-eabi/lib/armv6-m\libc.a(lib_a-lock.o)
 .debug_frame   0x00000784       0x20 c:/program files (x86)/atollic/truestudio for stm32 9.2.0/armtools/bin/../lib/gcc/arm-atollic-eabi/6.3.1/armv6-m\libgcc.a(_udivsi3.o)
 .debug_frame   0x000007a4       0x20 c:/program files (x86)/atollic/truestudio for stm32 9.2.0/armtools/bin/../lib/gcc/arm-atollic-eabi/6.3.1/armv6-m\libgcc.a(_divsi3.o)

.debug_ranges   0x00000000       0x20
 .debug_ranges  0x00000000       0x20 src\startup_stm32f051x8.o

Cross Reference Table

Symbol                                            File
ADC1_COMP_IRQHandler                              src\startup_stm32f051x8.o
AHBPrescTable                                     src\system_stm32f0xx.o
APBPrescTable                                     src\system_stm32f0xx.o
CEC_CAN_IRQHandler                                src\startup_stm32f051x8.o
DMA1_Channel1_IRQHandler                          src\startup_stm32f051x8.o
DMA1_Channel2_3_IRQHandler                        src\startup_stm32f051x8.o
DMA1_Channel4_5_IRQHandler                        src\startup_stm32f051x8.o
Default_Handler                                   src\startup_stm32f051x8.o
EXTI0_1_IRQHandler                                src\startup_stm32f051x8.o
EXTI2_3_IRQHandler                                src\startup_stm32f051x8.o
EXTI4_15_IRQHandler                               src\startup_stm32f051x8.o
FLASH_IRQHandler                                  src\startup_stm32f051x8.o
HardFault_Handler                                 src\startup_stm32f051x8.o
I2C1_IRQHandler                                   src\startup_stm32f051x8.o
I2C2_IRQHandler                                   src\startup_stm32f051x8.o
NMI_Handler                                       src\startup_stm32f051x8.o
PVD_IRQHandler                                    src\startup_stm32f051x8.o
PendSV_Handler                                    src\startup_stm32f051x8.o
RCC_CRS_IRQHandler                                src\startup_stm32f051x8.o
RTC_IRQHandler                                    src\startup_stm32f051x8.o
Reset_Handler                                     src\startup_stm32f051x8.o
SPI1_IRQHandler                                   src\startup_stm32f051x8.o
SPI2_IRQHandler                                   src\startup_stm32f051x8.o
SVC_Handler                                       src\startup_stm32f051x8.o
Set48MHz                                          src\main.o
SysTick_Handler                                   src\startup_stm32f051x8.o
SystemCoreClock                                   src\system_stm32f0xx.o
SystemCoreClockUpdate                             src\system_stm32f0xx.o
                                                  src\main.o
SystemInit                                        src\system_stm32f0xx.o
                                                  src\startup_stm32f051x8.o
TIM14_IRQHandler                                  src\startup_stm32f051x8.o
TIM15_IRQHandler                                  src\startup_stm32f051x8.o
TIM16_IRQHandler                                  src\startup_stm32f051x8.o
TIM17_IRQHandler                                  src\startup_stm32f051x8.o
TIM1_BRK_UP_TRG_COM_IRQHandler                    src\startup_stm32f051x8.o
TIM1_CC_IRQHandler                                src\startup_stm32f051x8.o
TIM2_IRQHandler                                   src\startup_stm32f051x8.o
TIM3_IRQHandler                                   src\startup_stm32f051x8.o
TIM6_DAC_IRQHandler                               src\main.o
TSC_IRQHandler                                    src\startup_stm32f051x8.o
USART1_IRQHandler                                 src\startup_stm32f051x8.o
USART2_IRQHandler                                 src\startup_stm32f051x8.o
WWDG_IRQHandler                                   src\startup_stm32f051x8.o
__aeabi_idiv                                      c:/program files (x86)/atollic/truestudio for stm32 9.2.0/armtools/bin/../lib/gcc/arm-atollic-eabi/6.3.1/armv6-m\libgcc.a(_divsi3.o)
                                                  src\tiny_printf.o
__aeabi_idiv0                                     c:/program files (x86)/atollic/truestudio for stm32 9.2.0/armtools/bin/../lib/gcc/arm-atollic-eabi/6.3.1/armv6-m\libgcc.a(_dvmd_tls.o)
                                                  c:/program files (x86)/atollic/truestudio for stm32 9.2.0/armtools/bin/../lib/gcc/arm-atollic-eabi/6.3.1/armv6-m\libgcc.a(_divsi3.o)
                                                  c:/program files (x86)/atollic/truestudio for stm32 9.2.0/armtools/bin/../lib/gcc/arm-atollic-eabi/6.3.1/armv6-m\libgcc.a(_udivsi3.o)
__aeabi_idivmod                                   c:/program files (x86)/atollic/truestudio for stm32 9.2.0/armtools/bin/../lib/gcc/arm-atollic-eabi/6.3.1/armv6-m\libgcc.a(_divsi3.o)
__aeabi_ldiv0                                     c:/program files (x86)/atollic/truestudio for stm32 9.2.0/armtools/bin/../lib/gcc/arm-atollic-eabi/6.3.1/armv6-m\libgcc.a(_dvmd_tls.o)
__aeabi_uidiv                                     c:/program files (x86)/atollic/truestudio for stm32 9.2.0/armtools/bin/../lib/gcc/arm-atollic-eabi/6.3.1/armv6-m\libgcc.a(_udivsi3.o)
                                                  c:/program files (x86)/atollic/truestudio for stm32 9.2.0/armtools/bin/../lib/gcc/arm-atollic-eabi/6.3.1/../../../../arm-atollic-eabi/lib/armv6-m\libc.a(lib_a-freer.o)
                                                  src\tiny_printf.o
                                                  src\system_stm32f0xx.o
__aeabi_uidivmod                                  c:/program files (x86)/atollic/truestudio for stm32 9.2.0/armtools/bin/../lib/gcc/arm-atollic-eabi/6.3.1/armv6-m\libgcc.a(_udivsi3.o)
                                                  src\tiny_printf.o
__deregister_frame_info                           c:/program files (x86)/atollic/truestudio for stm32 9.2.0/armtools/bin/../lib/gcc/arm-atollic-eabi/6.3.1/armv6-m/crtbegin.o
__divsi3                                          c:/program files (x86)/atollic/truestudio for stm32 9.2.0/armtools/bin/../lib/gcc/arm-atollic-eabi/6.3.1/armv6-m\libgcc.a(_divsi3.o)
__dso_handle                                      c:/program files (x86)/atollic/truestudio for stm32 9.2.0/armtools/bin/../lib/gcc/arm-atollic-eabi/6.3.1/armv6-m/crtbegin.o
__env                                             src\syscalls.o
__init_array_end                                  c:/program files (x86)/atollic/truestudio for stm32 9.2.0/armtools/bin/../lib/gcc/arm-atollic-eabi/6.3.1/../../../../arm-atollic-eabi/lib/armv6-m\libc.a(lib_a-init.o)
__init_array_start                                c:/program files (x86)/atollic/truestudio for stm32 9.2.0/armtools/bin/../lib/gcc/arm-atollic-eabi/6.3.1/../../../../arm-atollic-eabi/lib/armv6-m\libc.a(lib_a-init.o)
__libc_init_array                                 c:/program files (x86)/atollic/truestudio for stm32 9.2.0/armtools/bin/../lib/gcc/arm-atollic-eabi/6.3.1/../../../../arm-atollic-eabi/lib/armv6-m\libc.a(lib_a-init.o)
                                                  src\startup_stm32f051x8.o
__lock___arc4random_mutex                         c:/program files (x86)/atollic/truestudio for stm32 9.2.0/armtools/bin/../lib/gcc/arm-atollic-eabi/6.3.1/../../../../arm-atollic-eabi/lib/armv6-m\libc.a(lib_a-lock.o)
__lock___at_quick_exit_mutex                      c:/program files (x86)/atollic/truestudio for stm32 9.2.0/armtools/bin/../lib/gcc/arm-atollic-eabi/6.3.1/../../../../arm-atollic-eabi/lib/armv6-m\libc.a(lib_a-lock.o)
__lock___atexit_recursive_mutex                   c:/program files (x86)/atollic/truestudio for stm32 9.2.0/armtools/bin/../lib/gcc/arm-atollic-eabi/6.3.1/../../../../arm-atollic-eabi/lib/armv6-m\libc.a(lib_a-lock.o)
__lock___dd_hash_mutex                            c:/program files (x86)/atollic/truestudio for stm32 9.2.0/armtools/bin/../lib/gcc/arm-atollic-eabi/6.3.1/../../../../arm-atollic-eabi/lib/armv6-m\libc.a(lib_a-lock.o)
__lock___env_recursive_mutex                      c:/program files (x86)/atollic/truestudio for stm32 9.2.0/armtools/bin/../lib/gcc/arm-atollic-eabi/6.3.1/../../../../arm-atollic-eabi/lib/armv6-m\libc.a(lib_a-lock.o)
__lock___malloc_recursive_mutex                   c:/program files (x86)/atollic/truestudio for stm32 9.2.0/armtools/bin/../lib/gcc/arm-atollic-eabi/6.3.1/../../../../arm-atollic-eabi/lib/armv6-m\libc.a(lib_a-lock.o)
                                                  c:/program files (x86)/atollic/truestudio for stm32 9.2.0/armtools/bin/../lib/gcc/arm-atollic-eabi/6.3.1/../../../../arm-atollic-eabi/lib/armv6-m\libc.a(lib_a-mlock.o)
__lock___sfp_recursive_mutex                      c:/program files (x86)/atollic/truestudio for stm32 9.2.0/armtools/bin/../lib/gcc/arm-atollic-eabi/6.3.1/../../../../arm-atollic-eabi/lib/armv6-m\libc.a(lib_a-lock.o)
__lock___sinit_recursive_mutex                    c:/program files (x86)/atollic/truestudio for stm32 9.2.0/armtools/bin/../lib/gcc/arm-atollic-eabi/6.3.1/../../../../arm-atollic-eabi/lib/armv6-m\libc.a(lib_a-lock.o)
__lock___tz_mutex                                 c:/program files (x86)/atollic/truestudio for stm32 9.2.0/armtools/bin/../lib/gcc/arm-atollic-eabi/6.3.1/../../../../arm-atollic-eabi/lib/armv6-m\libc.a(lib_a-lock.o)
__malloc_av_                                      c:/program files (x86)/atollic/truestudio for stm32 9.2.0/armtools/bin/../lib/gcc/arm-atollic-eabi/6.3.1/../../../../arm-atollic-eabi/lib/armv6-m\libc.a(lib_a-mallocr.o)
                                                  c:/program files (x86)/atollic/truestudio for stm32 9.2.0/armtools/bin/../lib/gcc/arm-atollic-eabi/6.3.1/../../../../arm-atollic-eabi/lib/armv6-m\libc.a(lib_a-freer.o)
__malloc_current_mallinfo                         c:/program files (x86)/atollic/truestudio for stm32 9.2.0/armtools/bin/../lib/gcc/arm-atollic-eabi/6.3.1/../../../../arm-atollic-eabi/lib/armv6-m\libc.a(lib_a-mallocr.o)
                                                  c:/program files (x86)/atollic/truestudio for stm32 9.2.0/armtools/bin/../lib/gcc/arm-atollic-eabi/6.3.1/../../../../arm-atollic-eabi/lib/armv6-m\libc.a(lib_a-freer.o)
__malloc_lock                                     c:/program files (x86)/atollic/truestudio for stm32 9.2.0/armtools/bin/../lib/gcc/arm-atollic-eabi/6.3.1/../../../../arm-atollic-eabi/lib/armv6-m\libc.a(lib_a-mlock.o)
                                                  c:/program files (x86)/atollic/truestudio for stm32 9.2.0/armtools/bin/../lib/gcc/arm-atollic-eabi/6.3.1/../../../../arm-atollic-eabi/lib/armv6-m\libc.a(lib_a-mallocr.o)
                                                  c:/program files (x86)/atollic/truestudio for stm32 9.2.0/armtools/bin/../lib/gcc/arm-atollic-eabi/6.3.1/../../../../arm-atollic-eabi/lib/armv6-m\libc.a(lib_a-freer.o)
__malloc_max_sbrked_mem                           c:/program files (x86)/atollic/truestudio for stm32 9.2.0/armtools/bin/../lib/gcc/arm-atollic-eabi/6.3.1/../../../../arm-atollic-eabi/lib/armv6-m\libc.a(lib_a-mallocr.o)
__malloc_max_total_mem                            c:/program files (x86)/atollic/truestudio for stm32 9.2.0/armtools/bin/../lib/gcc/arm-atollic-eabi/6.3.1/../../../../arm-atollic-eabi/lib/armv6-m\libc.a(lib_a-mallocr.o)
__malloc_sbrk_base                                c:/program files (x86)/atollic/truestudio for stm32 9.2.0/armtools/bin/../lib/gcc/arm-atollic-eabi/6.3.1/../../../../arm-atollic-eabi/lib/armv6-m\libc.a(lib_a-mallocr.o)
                                                  c:/program files (x86)/atollic/truestudio for stm32 9.2.0/armtools/bin/../lib/gcc/arm-atollic-eabi/6.3.1/../../../../arm-atollic-eabi/lib/armv6-m\libc.a(lib_a-freer.o)
__malloc_top_pad                                  c:/program files (x86)/atollic/truestudio for stm32 9.2.0/armtools/bin/../lib/gcc/arm-atollic-eabi/6.3.1/../../../../arm-atollic-eabi/lib/armv6-m\libc.a(lib_a-mallocr.o)
                                                  c:/program files (x86)/atollic/truestudio for stm32 9.2.0/armtools/bin/../lib/gcc/arm-atollic-eabi/6.3.1/../../../../arm-atollic-eabi/lib/armv6-m\libc.a(lib_a-freer.o)
__malloc_trim_threshold                           c:/program files (x86)/atollic/truestudio for stm32 9.2.0/armtools/bin/../lib/gcc/arm-atollic-eabi/6.3.1/../../../../arm-atollic-eabi/lib/armv6-m\libc.a(lib_a-mallocr.o)
                                                  c:/program files (x86)/atollic/truestudio for stm32 9.2.0/armtools/bin/../lib/gcc/arm-atollic-eabi/6.3.1/../../../../arm-atollic-eabi/lib/armv6-m\libc.a(lib_a-freer.o)
__malloc_unlock                                   c:/program files (x86)/atollic/truestudio for stm32 9.2.0/armtools/bin/../lib/gcc/arm-atollic-eabi/6.3.1/../../../../arm-atollic-eabi/lib/armv6-m\libc.a(lib_a-mlock.o)
                                                  c:/program files (x86)/atollic/truestudio for stm32 9.2.0/armtools/bin/../lib/gcc/arm-atollic-eabi/6.3.1/../../../../arm-atollic-eabi/lib/armv6-m\libc.a(lib_a-mallocr.o)
                                                  c:/program files (x86)/atollic/truestudio for stm32 9.2.0/armtools/bin/../lib/gcc/arm-atollic-eabi/6.3.1/../../../../arm-atollic-eabi/lib/armv6-m\libc.a(lib_a-freer.o)
__preinit_array_end                               c:/program files (x86)/atollic/truestudio for stm32 9.2.0/armtools/bin/../lib/gcc/arm-atollic-eabi/6.3.1/../../../../arm-atollic-eabi/lib/armv6-m\libc.a(lib_a-init.o)
__preinit_array_start                             c:/program files (x86)/atollic/truestudio for stm32 9.2.0/armtools/bin/../lib/gcc/arm-atollic-eabi/6.3.1/../../../../arm-atollic-eabi/lib/armv6-m\libc.a(lib_a-init.o)
__register_frame_info                             c:/program files (x86)/atollic/truestudio for stm32 9.2.0/armtools/bin/../lib/gcc/arm-atollic-eabi/6.3.1/armv6-m/crtbegin.o
__retarget_lock_acquire                           c:/program files (x86)/atollic/truestudio for stm32 9.2.0/armtools/bin/../lib/gcc/arm-atollic-eabi/6.3.1/../../../../arm-atollic-eabi/lib/armv6-m\libc.a(lib_a-lock.o)
__retarget_lock_acquire_recursive                 c:/program files (x86)/atollic/truestudio for stm32 9.2.0/armtools/bin/../lib/gcc/arm-atollic-eabi/6.3.1/../../../../arm-atollic-eabi/lib/armv6-m\libc.a(lib_a-lock.o)
                                                  c:/program files (x86)/atollic/truestudio for stm32 9.2.0/armtools/bin/../lib/gcc/arm-atollic-eabi/6.3.1/../../../../arm-atollic-eabi/lib/armv6-m\libc.a(lib_a-mlock.o)
__retarget_lock_close                             c:/program files (x86)/atollic/truestudio for stm32 9.2.0/armtools/bin/../lib/gcc/arm-atollic-eabi/6.3.1/../../../../arm-atollic-eabi/lib/armv6-m\libc.a(lib_a-lock.o)
__retarget_lock_close_recursive                   c:/program files (x86)/atollic/truestudio for stm32 9.2.0/armtools/bin/../lib/gcc/arm-atollic-eabi/6.3.1/../../../../arm-atollic-eabi/lib/armv6-m\libc.a(lib_a-lock.o)
__retarget_lock_init                              c:/program files (x86)/atollic/truestudio for stm32 9.2.0/armtools/bin/../lib/gcc/arm-atollic-eabi/6.3.1/../../../../arm-atollic-eabi/lib/armv6-m\libc.a(lib_a-lock.o)
__retarget_lock_init_recursive                    c:/program files (x86)/atollic/truestudio for stm32 9.2.0/armtools/bin/../lib/gcc/arm-atollic-eabi/6.3.1/../../../../arm-atollic-eabi/lib/armv6-m\libc.a(lib_a-lock.o)
__retarget_lock_release                           c:/program files (x86)/atollic/truestudio for stm32 9.2.0/armtools/bin/../lib/gcc/arm-atollic-eabi/6.3.1/../../../../arm-atollic-eabi/lib/armv6-m\libc.a(lib_a-lock.o)
__retarget_lock_release_recursive                 c:/program files (x86)/atollic/truestudio for stm32 9.2.0/armtools/bin/../lib/gcc/arm-atollic-eabi/6.3.1/../../../../arm-atollic-eabi/lib/armv6-m\libc.a(lib_a-lock.o)
                                                  c:/program files (x86)/atollic/truestudio for stm32 9.2.0/armtools/bin/../lib/gcc/arm-atollic-eabi/6.3.1/../../../../arm-atollic-eabi/lib/armv6-m\libc.a(lib_a-mlock.o)
__retarget_lock_try_acquire                       c:/program files (x86)/atollic/truestudio for stm32 9.2.0/armtools/bin/../lib/gcc/arm-atollic-eabi/6.3.1/../../../../arm-atollic-eabi/lib/armv6-m\libc.a(lib_a-lock.o)
__retarget_lock_try_acquire_recursive             c:/program files (x86)/atollic/truestudio for stm32 9.2.0/armtools/bin/../lib/gcc/arm-atollic-eabi/6.3.1/../../../../arm-atollic-eabi/lib/armv6-m\libc.a(lib_a-lock.o)
__sf_fake_stderr                                  c:/program files (x86)/atollic/truestudio for stm32 9.2.0/armtools/bin/../lib/gcc/arm-atollic-eabi/6.3.1/../../../../arm-atollic-eabi/lib/armv6-m\libc.a(lib_a-impure.o)
__sf_fake_stdin                                   c:/program files (x86)/atollic/truestudio for stm32 9.2.0/armtools/bin/../lib/gcc/arm-atollic-eabi/6.3.1/../../../../arm-atollic-eabi/lib/armv6-m\libc.a(lib_a-impure.o)
__sf_fake_stdout                                  c:/program files (x86)/atollic/truestudio for stm32 9.2.0/armtools/bin/../lib/gcc/arm-atollic-eabi/6.3.1/../../../../arm-atollic-eabi/lib/armv6-m\libc.a(lib_a-impure.o)
__udivsi3                                         c:/program files (x86)/atollic/truestudio for stm32 9.2.0/armtools/bin/../lib/gcc/arm-atollic-eabi/6.3.1/armv6-m\libgcc.a(_udivsi3.o)
_close                                            src\syscalls.o
_ebss                                             src\startup_stm32f051x8.o
_edata                                            src\startup_stm32f051x8.o
_estack                                           src\startup_stm32f051x8.o
_execve                                           src\syscalls.o
_exit                                             src\syscalls.o
_fini                                             c:/program files (x86)/atollic/truestudio for stm32 9.2.0/armtools/bin/../lib/gcc/arm-atollic-eabi/6.3.1/armv6-m/crti.o
_fork                                             src\syscalls.o
_free_r                                           c:/program files (x86)/atollic/truestudio for stm32 9.2.0/armtools/bin/../lib/gcc/arm-atollic-eabi/6.3.1/../../../../arm-atollic-eabi/lib/armv6-m\libc.a(lib_a-freer.o)
                                                  c:/program files (x86)/atollic/truestudio for stm32 9.2.0/armtools/bin/../lib/gcc/arm-atollic-eabi/6.3.1/../../../../arm-atollic-eabi/lib/armv6-m\libc.a(lib_a-mallocr.o)
                                                  c:/program files (x86)/atollic/truestudio for stm32 9.2.0/armtools/bin/../lib/gcc/arm-atollic-eabi/6.3.1/../../../../arm-atollic-eabi/lib/armv6-m\libc.a(lib_a-reent.o)
_fstat                                            src\syscalls.o
_getpid                                           src\syscalls.o
_gettimeofday                                     src\syscalls.o
_global_impure_ptr                                c:/program files (x86)/atollic/truestudio for stm32 9.2.0/armtools/bin/../lib/gcc/arm-atollic-eabi/6.3.1/../../../../arm-atollic-eabi/lib/armv6-m\libc.a(lib_a-impure.o)
_impure_ptr                                       c:/program files (x86)/atollic/truestudio for stm32 9.2.0/armtools/bin/../lib/gcc/arm-atollic-eabi/6.3.1/../../../../arm-atollic-eabi/lib/armv6-m\libc.a(lib_a-impure.o)
                                                  c:/program files (x86)/atollic/truestudio for stm32 9.2.0/armtools/bin/../lib/gcc/arm-atollic-eabi/6.3.1/../../../../arm-atollic-eabi/lib/armv6-m\libc.a(lib_a-reent.o)
_init                                             c:/program files (x86)/atollic/truestudio for stm32 9.2.0/armtools/bin/../lib/gcc/arm-atollic-eabi/6.3.1/armv6-m/crti.o
                                                  c:/program files (x86)/atollic/truestudio for stm32 9.2.0/armtools/bin/../lib/gcc/arm-atollic-eabi/6.3.1/../../../../arm-atollic-eabi/lib/armv6-m\libc.a(lib_a-init.o)
_isatty                                           src\syscalls.o
_kill                                             src\syscalls.o
_link                                             src\syscalls.o
_lseek                                            src\syscalls.o
_malloc_r                                         c:/program files (x86)/atollic/truestudio for stm32 9.2.0/armtools/bin/../lib/gcc/arm-atollic-eabi/6.3.1/../../../../arm-atollic-eabi/lib/armv6-m\libc.a(lib_a-mallocr.o)
_malloc_trim_r                                    c:/program files (x86)/atollic/truestudio for stm32 9.2.0/armtools/bin/../lib/gcc/arm-atollic-eabi/6.3.1/../../../../arm-atollic-eabi/lib/armv6-m\libc.a(lib_a-freer.o)
_open                                             src\syscalls.o
_read                                             src\syscalls.o
_readlink                                         src\syscalls.o
_reclaim_reent                                    c:/program files (x86)/atollic/truestudio for stm32 9.2.0/armtools/bin/../lib/gcc/arm-atollic-eabi/6.3.1/../../../../arm-atollic-eabi/lib/armv6-m\libc.a(lib_a-reent.o)
_sbrk                                             src\syscalls.o
                                                  c:/program files (x86)/atollic/truestudio for stm32 9.2.0/armtools/bin/../lib/gcc/arm-atollic-eabi/6.3.1/../../../../arm-atollic-eabi/lib/armv6-m\libc.a(lib_a-sbrkr.o)
_sbrk_r                                           c:/program files (x86)/atollic/truestudio for stm32 9.2.0/armtools/bin/../lib/gcc/arm-atollic-eabi/6.3.1/../../../../arm-atollic-eabi/lib/armv6-m\libc.a(lib_a-sbrkr.o)
                                                  c:/program files (x86)/atollic/truestudio for stm32 9.2.0/armtools/bin/../lib/gcc/arm-atollic-eabi/6.3.1/../../../../arm-atollic-eabi/lib/armv6-m\libc.a(lib_a-mallocr.o)
                                                  c:/program files (x86)/atollic/truestudio for stm32 9.2.0/armtools/bin/../lib/gcc/arm-atollic-eabi/6.3.1/../../../../arm-atollic-eabi/lib/armv6-m\libc.a(lib_a-freer.o)
_sbss                                             src\startup_stm32f051x8.o
_sdata                                            src\startup_stm32f051x8.o
_sidata                                           src\startup_stm32f051x8.o
_stat                                             src\syscalls.o
_symlink                                          src\syscalls.o
_times                                            src\syscalls.o
_unlink                                           src\syscalls.o
_wait                                             src\syscalls.o
_write                                            src\syscalls.o
                                                  src\tiny_printf.o
blinkled                                          src\main.o
cleanup_glue                                      c:/program files (x86)/atollic/truestudio for stm32 9.2.0/armtools/bin/../lib/gcc/arm-atollic-eabi/6.3.1/../../../../arm-atollic-eabi/lib/armv6-m\libc.a(lib_a-reent.o)
end                                               src\syscalls.o
environ                                           src\syscalls.o
errno                                             c:/program files (x86)/atollic/truestudio for stm32 9.2.0/armtools/bin/../lib/gcc/arm-atollic-eabi/6.3.1/../../../../arm-atollic-eabi/lib/armv6-m\libc.a(lib_a-reent.o)
                                                  c:/program files (x86)/atollic/truestudio for stm32 9.2.0/armtools/bin/../lib/gcc/arm-atollic-eabi/6.3.1/../../../../arm-atollic-eabi/lib/armv6-m\libc.a(lib_a-sbrkr.o)
                                                  src\syscalls.o
fiprintf                                          src\tiny_printf.o
fprintf                                           src\tiny_printf.o
fputs                                             src\tiny_printf.o
fwrite                                            src\tiny_printf.o
g_pfnVectors                                      src\startup_stm32f051x8.o
init_portc                                        src\main.o
init_tim6                                         src\main.o
initialise_monitor_handles                        src\syscalls.o
iprintf                                           src\tiny_printf.o
main                                              src\main.o
                                                  src\startup_stm32f051x8.o
malloc_getpagesize_P                              c:/program files (x86)/atollic/truestudio for stm32 9.2.0/armtools/bin/../lib/gcc/arm-atollic-eabi/6.3.1/../../../../arm-atollic-eabi/lib/armv6-m\libc.a(lib_a-mallocr.o)
                                                  c:/program files (x86)/atollic/truestudio for stm32 9.2.0/armtools/bin/../lib/gcc/arm-atollic-eabi/6.3.1/../../../../arm-atollic-eabi/lib/armv6-m\libc.a(lib_a-freer.o)
printf                                            src\tiny_printf.o
puts                                              src\tiny_printf.o
siprintf                                          src\tiny_printf.o
sprintf                                           src\tiny_printf.o
start_tim6                                        src\main.o
strlen                                            c:/program files (x86)/atollic/truestudio for stm32 9.2.0/armtools/bin/../lib/gcc/arm-atollic-eabi/6.3.1/../../../../arm-atollic-eabi/lib/armv6-m\libc.a(lib_a-strlen.o)
                                                  src\tiny_printf.o
ts_formatlength                                   src\tiny_printf.o
ts_formatstring                                   src\tiny_printf.o
ts_itoa                                           src\tiny_printf.o
