18:49:24 **** Clean-only build of configuration Debug for project template ****
make -j6 clean 
rm -rf ./Startup/startup_stm32f051r8tx.d ./Startup/startup_stm32f051r8tx.o
rm -rf ./Src/gpio.cyclo ./Src/gpio.d ./Src/gpio.o ./Src/gpio.su ./Src/main.cyclo ./Src/main.d ./Src/main.o ./Src/main.su ./Src/syscalls.cyclo ./Src/syscalls.d ./Src/syscalls.o ./Src/syscalls.su ./Src/sysmem.cyclo ./Src/sysmem.d ./Src/sysmem.o ./Src/sysmem.su
rm -rf default.size.stdout template.elf template.list template.map
 
18:49:24 **** Build of configuration Debug for project template ****
make -j6 all 
arm-none-eabi-gcc -mcpu=cortex-m0 -g3 -DDEBUG -c -x assembler-with-cpp -MMD -MP -MF"Startup/startup_stm32f051r8tx.d" -MT"Startup/startup_stm32f051r8tx.o" --specs=nano.specs -mfloat-abi=soft -mthumb -o "Startup/startup_stm32f051r8tx.o" "../Startup/startup_stm32f051r8tx.s"
arm-none-eabi-gcc "../Src/gpio.c" -mcpu=cortex-m0 -std=gnu11 -g3 -DDEBUG -DSTM32 -DSTM32F0 -DSTM32F051R8Tx -c -I../Inc -I"C:/Users/Georg/STM32CubeIDE/workspace_semerenko/mcu_semerenko/template/CMSIS/Include" -I"C:/Users/Georg/STM32CubeIDE/workspace_semerenko/mcu_semerenko/template/CMSIS/Device/ST/STM32F0xx/Include" -O0 -ffunction-sections -fdata-sections -Wall -fstack-usage -fcyclomatic-complexity -MMD -MP -MF"Src/gpio.d" -MT"Src/gpio.o" --specs=nano.specs -mfloat-abi=soft -mthumb -o "Src/gpio.o"
arm-none-eabi-gcc "../Src/main.c" -mcpu=cortex-m0 -std=gnu11 -g3 -DDEBUG -DSTM32 -DSTM32F0 -DSTM32F051R8Tx -c -I../Inc -I"C:/Users/Georg/STM32CubeIDE/workspace_semerenko/mcu_semerenko/template/CMSIS/Include" -I"C:/Users/Georg/STM32CubeIDE/workspace_semerenko/mcu_semerenko/template/CMSIS/Device/ST/STM32F0xx/Include" -O0 -ffunction-sections -fdata-sections -Wall -fstack-usage -fcyclomatic-complexity -MMD -MP -MF"Src/main.d" -MT"Src/main.o" --specs=nano.specs -mfloat-abi=soft -mthumb -o "Src/main.o"
arm-none-eabi-gcc "../Src/syscalls.c" -mcpu=cortex-m0 -std=gnu11 -g3 -DDEBUG -DSTM32 -DSTM32F0 -DSTM32F051R8Tx -c -I../Inc -I"C:/Users/Georg/STM32CubeIDE/workspace_semerenko/mcu_semerenko/template/CMSIS/Include" -I"C:/Users/Georg/STM32CubeIDE/workspace_semerenko/mcu_semerenko/template/CMSIS/Device/ST/STM32F0xx/Include" -O0 -ffunction-sections -fdata-sections -Wall -fstack-usage -fcyclomatic-complexity -MMD -MP -MF"Src/syscalls.d" -MT"Src/syscalls.o" --specs=nano.specs -mfloat-abi=soft -mthumb -o "Src/syscalls.o"
arm-none-eabi-gcc "../Src/sysmem.c" -mcpu=cortex-m0 -std=gnu11 -g3 -DDEBUG -DSTM32 -DSTM32F0 -DSTM32F051R8Tx -c -I../Inc -I"C:/Users/Georg/STM32CubeIDE/workspace_semerenko/mcu_semerenko/template/CMSIS/Include" -I"C:/Users/Georg/STM32CubeIDE/workspace_semerenko/mcu_semerenko/template/CMSIS/Device/ST/STM32F0xx/Include" -O0 -ffunction-sections -fdata-sections -Wall -fstack-usage -fcyclomatic-complexity -MMD -MP -MF"Src/sysmem.d" -MT"Src/sysmem.o" --specs=nano.specs -mfloat-abi=soft -mthumb -o "Src/sysmem.o"
arm-none-eabi-gcc -o "template.elf" @"objects.list"   -mcpu=cortex-m0 -T"C:\Users\Georg\STM32CubeIDE\workspace_semerenko\mcu_semerenko\template\STM32F051R8TX_FLASH.ld" --specs=nosys.specs -Wl,-Map="template.map" -Wl,--gc-sections -static --specs=nano.specs -mfloat-abi=soft -mthumb -Wl,--start-group -lc -lm -Wl,--end-group
Finished building target: template.elf
 
arm-none-eabi-size  template.elf 
arm-none-eabi-objdump -h -S template.elf  > "template.list"
   text	   data	    bss	    dec	    hex	filename
    580	      0	   1568	   2148	    864	template.elf
Finished building: default.size.stdout
 
Finished building: template.list
 
18:55:32 **** Build of configuration Debug for project template ****
make -j8 all 
arm-none-eabi-gcc -mcpu=cortex-m0 -g3 -DDEBUG -c -x assembler-with-cpp -MMD -MP -MF"Startup/startup_stm32f051r8tx.d" -MT"Startup/startup_stm32f051r8tx.o" --specs=nano.specs -mfloat-abi=soft -mthumb -o "Startup/startup_stm32f051r8tx.o" "../Startup/startup_stm32f051r8tx.s"
arm-none-eabi-gcc "../Src/gpio.c" -mcpu=cortex-m0 -std=gnu11 -g3 -DDEBUG -DSTM32 -DSTM32F0 -DSTM32F051R8Tx -c -I../Inc -I"C:/Users/Georg/Documents/GitHub/mcu_semerenko/template/CMSIS/Include" -I"C:/Users/Georg/Documents/GitHub/mcu_semerenko/template/CMSIS/Device/ST/STM32F0xx/Include" -O0 -ffunction-sections -fdata-sections -Wall -fstack-usage -fcyclomatic-complexity -MMD -MP -MF"Src/gpio.d" -MT"Src/gpio.o" --specs=nano.specs -mfloat-abi=soft -mthumb -o "Src/gpio.o"
arm-none-eabi-gcc "../Src/main.c" -mcpu=cortex-m0 -std=gnu11 -g3 -DDEBUG -DSTM32 -DSTM32F0 -DSTM32F051R8Tx -c -I../Inc -I"C:/Users/Georg/Documents/GitHub/mcu_semerenko/template/CMSIS/Include" -I"C:/Users/Georg/Documents/GitHub/mcu_semerenko/template/CMSIS/Device/ST/STM32F0xx/Include" -O0 -ffunction-sections -fdata-sections -Wall -fstack-usage -fcyclomatic-complexity -MMD -MP -MF"Src/main.d" -MT"Src/main.o" --specs=nano.specs -mfloat-abi=soft -mthumb -o "Src/main.o"
arm-none-eabi-gcc "../Src/syscalls.c" -mcpu=cortex-m0 -std=gnu11 -g3 -DDEBUG -DSTM32 -DSTM32F0 -DSTM32F051R8Tx -c -I../Inc -I"C:/Users/Georg/Documents/GitHub/mcu_semerenko/template/CMSIS/Include" -I"C:/Users/Georg/Documents/GitHub/mcu_semerenko/template/CMSIS/Device/ST/STM32F0xx/Include" -O0 -ffunction-sections -fdata-sections -Wall -fstack-usage -fcyclomatic-complexity -MMD -MP -MF"Src/syscalls.d" -MT"Src/syscalls.o" --specs=nano.specs -mfloat-abi=soft -mthumb -o "Src/syscalls.o"
arm-none-eabi-gcc "../Src/sysmem.c" -mcpu=cortex-m0 -std=gnu11 -g3 -DDEBUG -DSTM32 -DSTM32F0 -DSTM32F051R8Tx -c -I../Inc -I"C:/Users/Georg/Documents/GitHub/mcu_semerenko/template/CMSIS/Include" -I"C:/Users/Georg/Documents/GitHub/mcu_semerenko/template/CMSIS/Device/ST/STM32F0xx/Include" -O0 -ffunction-sections -fdata-sections -Wall -fstack-usage -fcyclomatic-complexity -MMD -MP -MF"Src/sysmem.d" -MT"Src/sysmem.o" --specs=nano.specs -mfloat-abi=soft -mthumb -o "Src/sysmem.o"
arm-none-eabi-gcc -o "template.elf" @"objects.list"   -mcpu=cortex-m0 -T"C:\Users\Georg\Documents\GitHub\mcu_semerenko\template\STM32F051R8TX_FLASH.ld" --specs=nosys.specs -Wl,-Map="template.map" -Wl,--gc-sections -static --specs=nano.specs -mfloat-abi=soft -mthumb -Wl,--start-group -lc -lm -Wl,--end-group
Finished building target: template.elf
 
arm-none-eabi-size  template.elf 
arm-none-eabi-objdump -h -S template.elf  > "template.list"
   text	   data	    bss	    dec	    hex	filename
    580	      0	   1568	   2148	    864	template.elf
Finished building: default.size.stdout
 
Finished building: template.list
 
